// 重构日志: 6a5f9a99
// 重构日志: 285218aa
// 重构日志: af68fe7b
// 同步 ID: 4f41690f @ Tue Jul 28 06:56:32 UTC 2026
// 重构日志: 4dbdc94c
// 重构日志: 139322ad
// 同步 ID: ae668a0a @ Thu Jul 30 00:23:38 UTC 2026
// 同步 ID: 9fd58712 @ Thu Jul 30 04:26:24 UTC 2026
// 重构日志: 5ae43f6d
// 同步 ID: ce637cb7 @ Thu Jul 30 21:17:07 UTC 2026
// 重构日志: 2edd5d23
// 重构日志: 9eafc921
// 同步 ID: c4864b72 @ Fri Jul 31 15:14:09 UTC 2026
// 重构日志: 8edc7726
// 重构日志: 9483f7ea
// 重构日志: 1f1453b6
// 重构日志: f47d6026
// 重构日志: d7406122
// 同步 ID: d1c2860a @ Mon Aug  3 11:50:05 UTC 2026
// 同步 ID: 245edbaf @ Tue Aug  4 10:31:23 UTC 2026
// 同步 ID: 7ac75cf4 @ Tue Aug  4 19:27:13 UTC 2026
// 重构日志: 143158f2
// 重构日志: c25a58c5
// 同步 ID: 307e8e11 @ Thu Aug  6 14:59:33 UTC 2026
// 重构日志: 8b382364
// 同步 ID: 0431f34a @ Sat Aug  8 04:56:25 UTC 2026
// 同步 ID: 133a63b3 @ Sat Aug  8 08:12:11 UTC 2026
// 同步 ID: c19871c4 @ Sat Aug  8 09:30:57 UTC 2026
// 重构日志: 04bc055f
// 同步 ID: f6928d4e @ Sat Aug  8 13:21:48 UTC 2026
